INFO:     Started server process [11068]
INFO:     Waiting for application startup.
INFO:     Application startup complete.
INFO:     Uvicorn running on http://127.0.0.1:8000 (Press CTRL+C to quit)
INFO:     127.0.0.1:7799 - "GET /health HTTP/1.1" 200 OK
INFO:     127.0.0.1:7808 - "GET /health HTTP/1.1" 200 OK
INFO:     127.0.0.1:7816 - "GET /student/2 HTTP/1.1" 200 OK
INFO:     127.0.0.1:7816 - "POST /exam/generate HTTP/1.1" 200 OK
INFO:     127.0.0.1:7829 - "POST /exam/generate HTTP/1.1" 200 OK
INFO:     127.0.0.1:4671 - "GET /health HTTP/1.1" 200 OK
INFO:     127.0.0.1:4673 - "GET /student/2 HTTP/1.1" 200 OK
INFO:     127.0.0.1:4681 - "POST /exam/generate HTTP/1.1" 200 OK
INFO:     127.0.0.1:4687 - "POST /exam/generate HTTP/1.1" 200 OK
INFO:     127.0.0.1:8622 - "POST /exam/generate HTTP/1.1" 200 OK
INFO:     127.0.0.1:8648 - "POST /exam/submit HTTP/1.1" 200 OK
INFO:     127.0.0.1:7189 - "POST /exam/generate HTTP/1.1" 500 Internal Server Error
ERROR:    Exception in ASGI application
Traceback (most recent call last):
  File "D:\academic\8th semester\Extraprojects\shikkhaai-backend\.venv\Lib\site-packages\uvicorn\protocols\http\h11_impl.py", line 415, in run_asgi
    result = await app(  # type: ignore[func-returns-value]
             ^^^^^^^^^^^^^^^^^^^^^^^^^^^^^^^^^^^^^^^^^^^^^^
        self.scope, self.receive, self.send
        ^^^^^^^^^^^^^^^^^^^^^^^^^^^^^^^^^^^
    )
    ^
  File "D:\academic\8th semester\Extraprojects\shikkhaai-backend\.venv\Lib\site-packages\uvicorn\middleware\proxy_headers.py", line 56, in __call__
    return await self.app(scope, receive, send)
           ^^^^^^^^^^^^^^^^^^^^^^^^^^^^^^^^^^^^
  File "D:\academic\8th semester\Extraprojects\shikkhaai-backend\.venv\Lib\site-packages\fastapi\applications.py", line 1159, in __call__
    await super().__call__(scope, receive, send)
  File "D:\academic\8th semester\Extraprojects\shikkhaai-backend\.venv\Lib\site-packages\starlette\applications.py", line 90, in __call__
    await self.middleware_stack(scope, receive, send)
  File "D:\academic\8th semester\Extraprojects\shikkhaai-backend\.venv\Lib\site-packages\starlette\middleware\errors.py", line 186, in __call__
    raise exc
  File "D:\academic\8th semester\Extraprojects\shikkhaai-backend\.venv\Lib\site-packages\starlette\middleware\errors.py", line 164, in __call__
    await self.app(scope, receive, _send)
  File "D:\academic\8th semester\Extraprojects\shikkhaai-backend\.venv\Lib\site-packages\starlette\middleware\cors.py", line 88, in __call__
    await self.app(scope, receive, send)
  File "D:\academic\8th semester\Extraprojects\shikkhaai-backend\.venv\Lib\site-packages\starlette\middleware\exceptions.py", line 63, in __call__
    await wrap_app_handling_exceptions(self.app, conn)(scope, receive, send)
  File "D:\academic\8th semester\Extraprojects\shikkhaai-backend\.venv\Lib\site-packages\starlette\_exception_handler.py", line 53, in wrapped_app
    raise exc
  File "D:\academic\8th semester\Extraprojects\shikkhaai-backend\.venv\Lib\site-packages\starlette\_exception_handler.py", line 42, in wrapped_app
    await app(scope, receive, sender)
  File "D:\academic\8th semester\Extraprojects\shikkhaai-backend\.venv\Lib\site-packages\fastapi\middleware\asyncexitstack.py", line 18, in __call__
    await self.app(scope, receive, send)
  File "D:\academic\8th semester\Extraprojects\shikkhaai-backend\.venv\Lib\site-packages\starlette\routing.py", line 660, in __call__
    await self.middleware_stack(scope, receive, send)
  File "D:\academic\8th semester\Extraprojects\shikkhaai-backend\.venv\Lib\site-packages\starlette\routing.py", line 680, in app
    await route.handle(scope, receive, send)
  File "D:\academic\8th semester\Extraprojects\shikkhaai-backend\.venv\Lib\site-packages\starlette\routing.py", line 276, in handle
    await self.app(scope, receive, send)
  File "D:\academic\8th semester\Extraprojects\shikkhaai-backend\.venv\Lib\site-packages\fastapi\routing.py", line 134, in app
    await wrap_app_handling_exceptions(app, request)(scope, receive, send)
  File "D:\academic\8th semester\Extraprojects\shikkhaai-backend\.venv\Lib\site-packages\starlette\_exception_handler.py", line 53, in wrapped_app
    raise exc
  File "D:\academic\8th semester\Extraprojects\shikkhaai-backend\.venv\Lib\site-packages\starlette\_exception_handler.py", line 42, in wrapped_app
    await app(scope, receive, sender)
  File "D:\academic\8th semester\Extraprojects\shikkhaai-backend\.venv\Lib\site-packages\fastapi\routing.py", line 120, in app
    response = await f(request)
               ^^^^^^^^^^^^^^^^
  File "D:\academic\8th semester\Extraprojects\shikkhaai-backend\.venv\Lib\site-packages\fastapi\routing.py", line 674, in app
    raw_response = await run_endpoint_function(
                   ^^^^^^^^^^^^^^^^^^^^^^^^^^^^
    ...<3 lines>...
    )
    ^
  File "D:\academic\8th semester\Extraprojects\shikkhaai-backend\.venv\Lib\site-packages\fastapi\routing.py", line 330, in run_endpoint_function
    return await run_in_threadpool(dependant.call, **values)
           ^^^^^^^^^^^^^^^^^^^^^^^^^^^^^^^^^^^^^^^^^^^^^^^^^
  File "D:\academic\8th semester\Extraprojects\shikkhaai-backend\.venv\Lib\site-packages\starlette\concurrency.py", line 32, in run_in_threadpool
    return await anyio.to_thread.run_sync(func)
           ^^^^^^^^^^^^^^^^^^^^^^^^^^^^^^^^^^^^
  File "D:\academic\8th semester\Extraprojects\shikkhaai-backend\.venv\Lib\site-packages\anyio\to_thread.py", line 63, in run_sync
    return await get_async_backend().run_sync_in_worker_thread(
           ^^^^^^^^^^^^^^^^^^^^^^^^^^^^^^^^^^^^^^^^^^^^^^^^^^^^
        func, args, abandon_on_cancel=abandon_on_cancel, limiter=limiter
        ^^^^^^^^^^^^^^^^^^^^^^^^^^^^^^^^^^^^^^^^^^^^^^^^^^^^^^^^^^^^^^^^
    )
    ^
  File "D:\academic\8th semester\Extraprojects\shikkhaai-backend\.venv\Lib\site-packages\anyio\_backends\_asyncio.py", line 2518, in run_sync_in_worker_thread
    return await future
           ^^^^^^^^^^^^
  File "D:\academic\8th semester\Extraprojects\shikkhaai-backend\.venv\Lib\site-packages\anyio\_backends\_asyncio.py", line 1002, in run
    result = context.run(func, *args)
  File "D:\academic\8th semester\Extraprojects\shikkhaai-backend\backend\app\api\routes_exams.py", line 20, in generate_exam
    exam = exam_service.generate_exam(db=db, payload=payload)
  File "D:\academic\8th semester\Extraprojects\shikkhaai-backend\backend\app\services\exam_service.py", line 21, in generate_exam
    rag_exam = self.rag_client.generate_exam(payload.model_dump())
  File "D:\academic\8th semester\Extraprojects\shikkhaai-backend\backend\app\external\rag_client.py", line 36, in generate_exam
    return self._generate_via_gemini(payload)
           ~~~~~~~~~~~~~~~~~~~~~~~~~^^^^^^^^^
  File "D:\academic\8th semester\Extraprojects\shikkhaai-backend\backend\app\external\rag_client.py", line 112, in _generate_via_gemini
    for i, q in enumerate(result.get("questions", []), 1):
                          ^^^^^^^^^^
AttributeError: 'list' object has no attribute 'get'
